Test cases for BaseGeometry class:

Importing the class from its module:
>>> BaseGeometry = __import__('7-base_geometry').BaseGeometry

Creating an instance:
>>> bg = BaseGeometry()

Trying on normal case:
>>> bg = BaseGeometry()
>>> bg.integer_validator("Uburebure", 48)

Another normal case:
>>> bg = BaseGeometry()
>>> bg.integer_validator("width", 23)

None integer:
>>> bg = BaseGeometry()
>>> bg.integer_validator("my_name", "Not_int")
Traceback (most recent call last):
...
TypeError: my_name must be an integer

Trying Negative value:
>>> bg = BaseGeometry()
>>> bg.integer_validator("my_name", -23)
Traceback (most recent call last):
...
ValueError: my_name must be greater than 0

Trying Zero value:
>>> bg = BaseGeometry()
>>> bg.integer_validator("my_name", 0)
Traceback (most recent call last):
...
ValueError: my_name must be greater than 0

Testing for float:
>>> bg = BaseGeometry()
>>> bg.integer_validator("my_name", 4.2)
Traceback (most recent call last):
...
TypeError: my_name must be an integer

Testing for area:
>>> bg1 = BaseGeometry()
>>> bg1.area()
Traceback (most recent call last):
...
Exception: area() is not implemented


